Nothing to build in platform 'rsa_project_wrapper'

15:01:15 **** Incremental Build of configuration Debug for project sw_design ****
make all 
make[1]: Entering directory '/users/students/r0792566/Documents/DDP/SW_package/sw_project/project_sw/sw_design/Debug'
make --no-print-directory pre-build
a9-linaro-pre-build-step
 
make --no-print-directory main-build
Building file: ../src/asm_func.S
Invoking: ARM v7 gcc compiler
arm-none-eabi-gcc -Wall -O0 -g3 -c -fmessage-length=0 -MT"src/asm_func.o" -mcpu=cortex-a9 -mfpu=vfpv3 -mfloat-abi=hard -I/users/students/r0792566/Documents/DDP/SW_package/sw_project/project_sw/rsa_project_wrapper/export/rsa_project_wrapper/sw/rsa_project_wrapper/standalone_domain/bspinclude/include -MMD -MP -MF"src/asm_func.d" -MT"src/asm_func.o" -o "src/asm_func.o" "../src/asm_func.S"
Finished building: ../src/asm_func.S
 
Building file: ../src/main.c
Invoking: ARM v7 gcc compiler
arm-none-eabi-gcc -Wall -O0 -g3 -c -fmessage-length=0 -MT"src/main.o" -mcpu=cortex-a9 -mfpu=vfpv3 -mfloat-abi=hard -I/users/students/r0792566/Documents/DDP/SW_package/sw_project/project_sw/rsa_project_wrapper/export/rsa_project_wrapper/sw/rsa_project_wrapper/standalone_domain/bspinclude/include -MMD -MP -MF"src/main.d" -MT"src/main.o" -o "src/main.o" "../src/main.c"
Finished building: ../src/main.c
 
Building target: sw_design.elf
Invoking: ARM v7 gcc linker
arm-none-eabi-gcc -mcpu=cortex-a9 -mfpu=vfpv3 -mfloat-abi=hard -Wl,-build-id=none -specs=Xilinx.spec -Wl,-T -Wl,../src/lscript.ld -L/users/students/r0792566/Documents/DDP/SW_package/sw_project/project_sw/rsa_project_wrapper/export/rsa_project_wrapper/sw/rsa_project_wrapper/standalone_domain/bsplib/lib -o "sw_design.elf"  ./src/platform/interface.o ./src/platform/platform.o  ./src/asm_func.o ./src/main.o ./src/montgomery.o ./src/mp_arith.o ./src/test.o ./src/testvector.o ./src/warmup.o   -Wl,--start-group,-lxil,-lgcc,-lc,--end-group
Finished building target: sw_design.elf
 
Invoking: ARM v7 Print Size
arm-none-eabi-size sw_design.elf  |tee "sw_design.elf.size"
   text	   data	    bss	    dec	    hex	filename
  71047	  36328	  22664	 130039	  1fbf7	sw_design.elf
Finished building: sw_design.elf.size
 
make[1]: Leaving directory '/users/students/r0792566/Documents/DDP/SW_package/sw_project/project_sw/sw_design/Debug'
15:01:16 **** Incremental Build of configuration Debug for project sw_design_system ****
make all 
make[1]: Entering directory '/users/students/r0792566/Documents/DDP/SW_package/sw_project/project_sw/sw_design_system/Debug'
Generating bif file for the system project
Executing command '::scw::generate_bif -xpfm /users/students/r0792566/Documents/DDP/SW_package/sw_project/project_sw/rsa_project_wrapper/export/rsa_project_wrapper/rsa_project_wrapper.xpfm -domains standalone_domain -bifpath /users/students/r0792566/Documents/DDP/SW_package/sw_project/project_sw/sw_design_system/Debug/system.bif' on XSCT
sdcard_gen --xpfm /users/students/r0792566/Documents/DDP/SW_package/sw_project/project_sw/rsa_project_wrapper/export/rsa_project_wrapper/rsa_project_wrapper.xpfm --sys_config rsa_project_wrapper --bif /users/students/r0792566/Documents/DDP/SW_package/sw_project/project_sw/sw_design_system/Debug/system.bif --bitstream /users/students/r0792566/Documents/DDP/SW_package/sw_project/project_sw/sw_design/_ide/bitstream/rsa_project_wrapper.bit --elf /users/students/r0792566/Documents/DDP/SW_package/sw_project/project_sw/sw_design/Debug/sw_design.elf,ps7_cortexa9_0
creating BOOT.BIN using /users/students/r0792566/Documents/DDP/SW_package/sw_project/project_sw/sw_design/_ide/bitstream/rsa_project_wrapper.bit
Running /esat/micas-data/software/Xilinx/vitis_2023.1/Vitis/2023.1/bin/bootgen  -image /users/students/r0792566/Documents/DDP/SW_package/sw_project/project_sw/sw_design_system/Debug/sd_card_temp/boot.bif -w -o i BOOT.BIN
make[1]: Leaving directory '/users/students/r0792566/Documents/DDP/SW_package/sw_project/project_sw/sw_design_system/Debug'
