14:18:04 **** Incremental Build of configuration Debug for project sw_design ****
make all 
make[1]: Entering directory '/users/students/r0792566/Documents/DDP/SW_package/sw_project/project_sw/sw_design/Debug'
make --no-print-directory pre-build
a9-linaro-pre-build-step
 
make --no-print-directory main-build
Building file: ../src/montgomery.c
Invoking: ARM v7 gcc compiler
arm-none-eabi-gcc -Wall -O0 -g3 -c -fmessage-length=0 -MT"src/montgomery.o" -mcpu=cortex-a9 -mfpu=vfpv3 -mfloat-abi=hard -I/users/students/r0792566/Documents/DDP/SW_package/sw_project/project_sw/rsa_project_wrapper/export/rsa_project_wrapper/sw/rsa_project_wrapper/standalone_domain/bspinclude/include -MMD -MP -MF"src/montgomery.d" -MT"src/montgomery.o" -o "src/montgomery.o" "../src/montgomery.c"
../src/montgomery.c: In function 'SUB_COND':
../src/montgomery.c:17:25: warning: implicit declaration of function 'mp_sub' [-Wimplicit-function-declaration]
   17 |                         mp_sub(u,n,res,size);
      |                         ^~~~~~
../src/montgomery.c:18:32: warning: 'return' with a value, in function returning void [-Wreturn-type]
   18 |                         return 0;
      |                                ^
../src/montgomery.c:12:6: note: declared here
   12 | void SUB_COND(uint32_t *u, uint32_t *n, uint32_t *res, uint32_t size)
      |      ^~~~~~~~
../src/montgomery.c:26:32: warning: 'return' with a value, in function returning void [-Wreturn-type]
   26 |                         return 0;
      |                                ^
../src/montgomery.c:12:6: note: declared here
   12 | void SUB_COND(uint32_t *u, uint32_t *n, uint32_t *res, uint32_t size)
      |      ^~~~~~~~
../src/montgomery.c: In function 'montMul':
../src/montgomery.c:92:25: warning: implicit declaration of function 'customp' [-Wimplicit-function-declaration]
   92 |                         customp(t);
      |                         ^~~~~~~
../src/montgomery.c: In function 'montMulOpt':
../src/montgomery.c:108:9: warning: implicit declaration of function 'opt4' [-Wimplicit-function-declaration]
  108 |         opt4(t, size+2);
      |         ^~~~
../src/montgomery.c:112:17: warning: implicit declaration of function 'opt1' [-Wimplicit-function-declaration]
  112 |                 opt1(i, t, a, b, size);
      |                 ^~~~
../src/montgomery.c:116:17: warning: implicit declaration of function 'opt2' [-Wimplicit-function-declaration]
  116 |                 opt2(t, n, n_prime, size);
      |                 ^~~~
../src/montgomery.c:118:17: warning: implicit declaration of function 'opt3' [-Wimplicit-function-declaration]
  118 |                 opt3(i, t, a, b, size);
      |                 ^~~~
Finished building: ../src/montgomery.c
 
Building target: sw_design.elf
Invoking: ARM v7 gcc linker
arm-none-eabi-gcc -mcpu=cortex-a9 -mfpu=vfpv3 -mfloat-abi=hard -Wl,-build-id=none -specs=Xilinx.spec -Wl,-T -Wl,../src/lscript.ld -L/users/students/r0792566/Documents/DDP/SW_package/sw_project/project_sw/rsa_project_wrapper/export/rsa_project_wrapper/sw/rsa_project_wrapper/standalone_domain/bsplib/lib -o "sw_design.elf"  ./src/platform/interface.o ./src/platform/platform.o  ./src/asm_func.o ./src/main.o ./src/montgomery.o ./src/mp_arith.o ./src/testvector.o ./src/warmup.o   -Wl,--start-group,-lxil,-lgcc,-lc,--end-group
Finished building target: sw_design.elf
 
Invoking: ARM v7 Print Size
arm-none-eabi-size sw_design.elf  |tee "sw_design.elf.size"
   text	   data	    bss	    dec	    hex	filename
  71599	   3328	  22648	  97575	  17d27	sw_design.elf
Finished building: sw_design.elf.size
 
make[1]: Leaving directory '/users/students/r0792566/Documents/DDP/SW_package/sw_project/project_sw/sw_design/Debug'

14:18:05 Build Finished (took 530ms)

